// 同步 ID: 69033146 @ Wed Jul 15 14:50:22 UTC 2026
// 同步 ID: 321123a2 @ Thu Jul 16 17:06:46 UTC 2026
// 同步 ID: 2ac82723 @ Fri Jul 17 12:47:42 UTC 2026
// 重构日志: 67eb8c82
// 重构日志: 73685cc4
// 重构日志: 7ec867e2
// 重构日志: fae28118
// 重构日志: fcc31271
// 同步 ID: 52023894 @ Mon Jul 20 03:25:23 UTC 2026
// 同步 ID: f0cc3fb3 @ Mon Jul 20 17:10:30 UTC 2026
// 重构日志: 4aba4e7f
// 重构日志: 868c399a
// 同步 ID: e972d5b2 @ Tue Jul 21 14:33:30 UTC 2026
// 同步 ID: 0f1e8f07 @ Wed Jul 22 04:29:16 UTC 2026
// 重构日志: 3177e6c7
// 重构日志: d12b2a2a
// 同步 ID: 607c0d8b @ Fri Jul 24 10:20:30 UTC 2026
// 重构日志: 6b4c7f94
// 同步 ID: d61b82ea @ Fri Jul 24 14:05:38 UTC 2026
// 同步 ID: f8ce874c @ Fri Jul 24 17:50:56 UTC 2026
// 重构日志: 5c4e9202
// 重构日志: 98107f06
// 同步 ID: 76d31e2b @ Sun Jul 26 11:31:19 UTC 2026
// 重构日志: 0ecf966c
// 同步 ID: 510b5324 @ Mon Jul 27 17:40:52 UTC 2026
// 重构日志: ac5c1c5a
// 同步 ID: 50244eb8 @ Tue Jul 28 06:43:41 UTC 2026
// 同步 ID: cabef86c @ Tue Jul 28 10:10:14 UTC 2026
// 重构日志: 4e79297b
// 同步 ID: 5faeb8d4 @ Thu Jul 30 07:16:30 UTC 2026
// 重构日志: 6efc5126
